Copyright 1986-2018 Xilinx, Inc. All Rights Reserved.
----------------------------------------------------------------------------------------------------------------------------------------------------------------------
| Tool Version     : Vivado v.2018.3 (win64) Build 2405991 Thu Dec  6 23:38:27 MST 2018
| Date             : Thu Mar 25 21:37:59 2021
| Host             : Laptop-Acer running 64-bit major release  (build 9200)
| Command          : report_power -file design_1_wrapper_power_routed.rpt -pb design_1_wrapper_power_summary_routed.pb -rpx design_1_wrapper_power_routed.rpx
| Design           : design_1_wrapper
| Device           : xcu200-fsgd2104-2-e
| Design State     : routed
| Grade            : extended
| Process          : typical
| Characterization : Production
----------------------------------------------------------------------------------------------------------------------------------------------------------------------

Power Report

Table of Contents
-----------------
1. Summary
1.1 On-Chip Components
1.2 Power Supply Summary
1.3 Confidence Level
2. Settings
2.1 Environment
2.2 Clock Constraints
3. Detailed Reports
3.1 By Hierarchy

1. Summary
----------

+--------------------------+--------------+
| Total On-Chip Power (W)  | 3.310        |
| Design Power Budget (W)  | Unspecified* |
| Power Budget Margin (W)  | NA           |
| Dynamic (W)              | 0.811        |
| Device Static (W)        | 2.498        |
| Effective TJA (C/W)      | 0.5          |
| Max Ambient (C)          | 98.3         |
| Junction Temperature (C) | 26.7         |
| Confidence Level         | Low          |
| Setting File             | ---          |
| Simulation Activity File | ---          |
| Design Nets Matched      | NA           |
+--------------------------+--------------+
* Specify Design Power Budget using, set_operating_conditions -design_power_budget <value in Watts>


1.1 On-Chip Components
----------------------

+--------------------------+-----------+----------+-----------+-----------------+
| On-Chip                  | Power (W) | Used     | Available | Utilization (%) |
+--------------------------+-----------+----------+-----------+-----------------+
| Clocks                   |     0.074 |        6 |       --- |             --- |
| CLB Logic                |     0.015 |    34832 |       --- |             --- |
|   LUT as Logic           |     0.009 |    11112 |   1182240 |            0.94 |
|   Register               |     0.003 |    16402 |   2364480 |            0.69 |
|   LUT as Distributed RAM |     0.002 |     1860 |    591840 |            0.31 |
|   CARRY8                 |    <0.001 |      279 |    147780 |            0.19 |
|   LUT as Shift Register  |    <0.001 |       55 |    591840 |           <0.01 |
|   BUFG                   |    <0.001 |        1 |       240 |            0.42 |
|   Others                 |     0.000 |      407 |       --- |             --- |
|   F7/F8 Muxes            |     0.000 |      200 |   1182240 |            0.02 |
| Signals                  |     0.053 |    27660 |       --- |             --- |
| Block RAM                |     0.170 |       33 |      2160 |            1.53 |
| I/O                      |     0.006 |        1 |       676 |            0.15 |
| GTY                      |     0.379 |        1 |        24 |            4.17 |
| Hard IPs                 |     0.116 |        1 |       --- |             --- |
|   PCIE                   |     0.116 |        1 |       --- |             --- |
| Static Power             |     2.498 |          |           |                 |
| Total                    |     3.310 |          |           |                 |
+--------------------------+-----------+----------+-----------+-----------------+


1.2 Power Supply Summary
------------------------

+------------+-------------+-----------+-------------+------------+
| Source     | Voltage (V) | Total (A) | Dynamic (A) | Static (A) |
+------------+-------------+-----------+-------------+------------+
| Vccint     |       0.850 |     1.340 |       0.519 |      0.820 |
| Vccint_io  |       0.850 |     0.263 |       0.001 |      0.263 |
| Vccbram    |       0.850 |     0.042 |       0.027 |      0.015 |
| Vccaux     |       1.800 |     0.650 |       0.000 |      0.650 |
| Vccaux_io  |       1.800 |     0.188 |       0.003 |      0.185 |
| Vcco33     |       3.300 |     0.000 |       0.000 |      0.000 |
| Vcco25     |       2.500 |     0.000 |       0.000 |      0.000 |
| Vcco18     |       1.800 |     0.000 |       0.000 |      0.000 |
| Vcco15     |       1.500 |     0.000 |       0.000 |      0.000 |
| Vcco135    |       1.350 |     0.000 |       0.000 |      0.000 |
| Vcco12     |       1.200 |     0.000 |       0.000 |      0.000 |
| Vcco10     |       1.000 |     0.000 |       0.000 |      0.000 |
| Vccadc     |       1.800 |     0.024 |       0.000 |      0.024 |
| MGTYAVcc   |       0.900 |     0.074 |       0.062 |      0.012 |
| MGTYAVtt   |       1.200 |     0.215 |       0.209 |      0.006 |
| MGTYVccaux |       1.800 |     0.020 |       0.019 |      0.001 |
+------------+-------------+-----------+-------------+------------+


1.3 Confidence Level
--------------------

+-----------------------------+------------+--------------------------------------------------------+------------------------------------------------------------------------------------------------------------+
| User Input Data             | Confidence | Details                                                | Action                                                                                                     |
+-----------------------------+------------+--------------------------------------------------------+------------------------------------------------------------------------------------------------------------+
| Design implementation state | High       | Design is routed                                       |                                                                                                            |
| Clock nodes activity        | High       | User specified more than 95% of clocks                 |                                                                                                            |
| I/O nodes activity          | Low        | More than 75% of inputs are missing user specification | Provide missing input activity with simulation results or by editing the "By Resource Type -> I/Os" view   |
| Internal nodes activity     | Medium     | User specified less than 25% of internal nodes         | Provide missing internal nodes activity with simulation results or by editing the "By Resource Type" views |
| Device models               | High       | Device models are Production                           |                                                                                                            |
|                             |            |                                                        |                                                                                                            |
| Overall confidence level    | Low        |                                                        |                                                                                                            |
+-----------------------------+------------+--------------------------------------------------------+------------------------------------------------------------------------------------------------------------+


2. Settings
-----------

2.1 Environment
---------------

+-----------------------+--------------------------+
| Ambient Temp (C)      | 25.0                     |
| ThetaJA (C/W)         | 0.5                      |
| Airflow (LFM)         | 250                      |
| Heat Sink             | medium (Medium Profile)  |
| ThetaSA (C/W)         | 0.7                      |
| Board Selection       | medium (10"x10")         |
| # of Board Layers     | 12to15 (12 to 15 Layers) |
| Board Temperature (C) | 25.0                     |
+-----------------------+--------------------------+


2.2 Clock Constraints
---------------------

+------------------------------------------------------------------------------------------------------------------------------------------------------------------------------------------------------------------------------------------------------------------------------------------------------------------------------------------------------------------------------------------------------------------------------+---------------------------------------------------------------------------------------------------------------------------------------------------------------------------------------------------------------------------------------------------------------------------------------------------------------------------------------------------------------------------------------------------------------+-----------------+
| Clock                                                                                                                                                                                                                                                                                                                                                                                                                        | Domain                                                                                                                                                                                                                                                                                                                                                                                                        | Constraint (ns) |
+------------------------------------------------------------------------------------------------------------------------------------------------------------------------------------------------------------------------------------------------------------------------------------------------------------------------------------------------------------------------------------------------------------------------------+---------------------------------------------------------------------------------------------------------------------------------------------------------------------------------------------------------------------------------------------------------------------------------------------------------------------------------------------------------------------------------------------------------------+-----------------+
| design_1_i/xdma_0/inst/pcie4_ip_i/inst/gt_top_i/diablo_gt.diablo_gt_phy_wrapper/gt_wizard.gtwizard_top_i/design_1_xdma_0_2_pcie4_ip_gt_i/inst/gen_gtwizard_gtye4_top.design_1_xdma_0_2_pcie4_ip_gt_gtwizard_gtye4_inst/gen_gtwizard_gtye4.gen_channel_container[32].gen_enabled_channel.gtye4_channel_wrapper_inst/channel_inst/gtye4_channel_gen.gen_gtye4_channel_inst[0].GTYE4_CHANNEL_PRIM_INST/TXOUTCLK                 | design_1_i/xdma_0/inst/pcie4_ip_i/inst/gt_top_i/diablo_gt.diablo_gt_phy_wrapper/gt_wizard.gtwizard_top_i/design_1_xdma_0_2_pcie4_ip_gt_i/inst/gen_gtwizard_gtye4_top.design_1_xdma_0_2_pcie4_ip_gt_gtwizard_gtye4_inst/gen_gtwizard_gtye4.gen_channel_container[32].gen_enabled_channel.gtye4_channel_wrapper_inst/channel_inst/txoutclk_out[0]                                                               |             4.0 |
| design_1_i/xdma_0/inst/pcie4_ip_i/inst/gt_top_i/diablo_gt.diablo_gt_phy_wrapper/gt_wizard.gtwizard_top_i/design_1_xdma_0_2_pcie4_ip_gt_i/inst/gen_gtwizard_gtye4_top.design_1_xdma_0_2_pcie4_ip_gt_gtwizard_gtye4_inst/gen_gtwizard_gtye4.gen_cpll_cal_gtye4.gen_cpll_cal_inst[0].gen_inst_cpll_cal.gtwizard_ultrascale_v1_7_5_gtye4_cpll_cal_inst/gtwizard_ultrascale_v1_7_5_gtye4_cpll_cal_tx_i/bufg_gt_txoutclkmon_inst/O | design_1_i/xdma_0/inst/pcie4_ip_i/inst/gt_top_i/diablo_gt.diablo_gt_phy_wrapper/gt_wizard.gtwizard_top_i/design_1_xdma_0_2_pcie4_ip_gt_i/inst/gen_gtwizard_gtye4_top.design_1_xdma_0_2_pcie4_ip_gt_gtwizard_gtye4_inst/gen_gtwizard_gtye4.gen_cpll_cal_gtye4.gen_cpll_cal_inst[0].gen_inst_cpll_cal.gtwizard_ultrascale_v1_7_5_gtye4_cpll_cal_inst/gtwizard_ultrascale_v1_7_5_gtye4_cpll_cal_tx_i/txoutclkmon |             8.0 |
| design_1_i/xdma_0/inst/pcie4_ip_i/inst/gt_top_i/diablo_gt.diablo_gt_phy_wrapper/phy_clk_i/bufg_gt_intclk/O                                                                                                                                                                                                                                                                                                                   | design_1_i/xdma_0/inst/pcie4_ip_i/inst/gt_top_i/diablo_gt.diablo_gt_phy_wrapper/phy_clk_i/CLK_INTCLK                                                                                                                                                                                                                                                                                                          |          1000.0 |
| xdma_0_axi_aclk                                                                                                                                                                                                                                                                                                                                                                                                              | design_1_i/xdma_0/inst/pcie4_ip_i/inst/gt_top_i/diablo_gt.diablo_gt_phy_wrapper/phy_clk_i/CLK_USERCLK                                                                                                                                                                                                                                                                                                         |             8.0 |
+------------------------------------------------------------------------------------------------------------------------------------------------------------------------------------------------------------------------------------------------------------------------------------------------------------------------------------------------------------------------------------------------------------------------------+---------------------------------------------------------------------------------------------------------------------------------------------------------------------------------------------------------------------------------------------------------------------------------------------------------------------------------------------------------------------------------------------------------------+-----------------+


3. Detailed Reports
-------------------

3.1 By Hierarchy
----------------

+-----------------------+-----------+
| Name                  | Power (W) |
+-----------------------+-----------+
| design_1_wrapper      |     0.811 |
|   design_1_i          |     0.811 |
|     util_ds_buf       |     0.006 |
|       U0              |     0.006 |
|     xdma_0            |     0.799 |
|       inst            |     0.799 |
|     xdma_0_axi_periph |     0.006 |
|       s01_couplers    |     0.005 |
+-----------------------+-----------+


